://github.com/corent1234/hairy-ball-theorem-lean
2024-09-18 07:00:52.076 | INFO     | __main__:get_compatible_commit:696 - Getting config for https://github.com/corent1234/hairy-ball-theorem-lean.git
2024-09-18 07:00:52.076 | INFO     | __main__:get_compatible_commit:700 - Latest commit compatible for url https://github.com/corent1234/hairy-ball-theorem-lean.git
2024-09-18 07:00:52.076 | INFO     | __main__:add_repo_to_database:1309 - Found compatible commit a778826d19c8a7ddf1d26beeea628c45450612e6 for https://github.com/corent1234/hairy-ball-theorem-lean.git
2024-09-18 07:00:52.076 | INFO     | __main__:add_repo_to_database:1310 - Lean version: v4.7.0
2024-09-18 07:00:52.076 | INFO     | __main__:add_repo_to_database:1315 - Generating benchmark at /workspace/datasets_PT_single_repo_no_ewc_curriculum_sorries/hairy-ball-theorem-lean_a778826d19c8a7ddf1d26beeea628c45450612e6
2024-09-18 07:00:52.076 | INFO     | generate_benchmark_lean4:main:354 - Generating dataset to go into /workspace/datasets_PT_single_repo_no_ewc_curriculum_sorries/hairy-ball-theorem-lean_a778826d19c8a7ddf1d26beeea628c45450612e6
2024-09-18 07:00:52.076 | INFO     | generate_benchmark_lean4:main:361 - lean toolchain version: {'content': 'leanprover/lean4:v4.7.0\n'}
2024-09-18 07:00:52.076 | INFO     | generate_benchmark_lean4:main:363 - lean version v: v4.7.0
2024-09-18 07:00:52.076 | INFO     | generate_benchmark_lean4:main:364 - is supported: True
2024-09-18 07:00:52.076 | INFO     | generate_benchmark_lean4:main:373 - lean path1 /root/.elan/toolchains/leanprover--lean4---4.7.0
2024-09-18 07:00:52.076 | INFO     | generate_benchmark_lean4:main:374 - lean path2 /.elan/toolchains/leanprover--lean4---4.7.0
2024-09-18 07:00:52.076 | INFO     | generate_benchmark_lean4:main:375 - lean path3 ~/.elan/toolchains/leanprover--lean4---4.7.0
2024-09-18 07:00:52.077 | INFO     | generate_benchmark_lean4:main:379 - Lean toolchain path 2 does not exist: /.elan/toolchains/leanprover--lean4---4.7.0
2024-09-18 07:00:52.078 | INFO     | generate_benchmark_lean4:main:381 - Lean toolchain path 3 does not exist: ~/.elan/toolchains/leanprover--lean4---4.7.0
2024-09-18 07:00:52.078 | INFO     | generate_benchmark_lean4:main:384 - Switched to Lean toolchain at: /root/.elan/toolchains/leanprover--lean4---4.7.0
2024-09-18 07:00:52.112 | INFO     | generate_benchmark_lean4:main:386 - lean --version: Lean (version 4.7.0, x86_64-unknown-linux-gnu, commit 6fce8f7d5cd1, Release)

2024-09-18 07:00:52.112 | INFO     | generate_benchmark_lean4:main:387 - repo: LeanGitRepo(url='https://github.com/corent1234/hairy-ball-theorem-lean', commit='a778826d19c8a7ddf1d26beeea628c45450612e6')
2024-09-18 07:00:52.112 | INFO     | generate_benchmark_lean4:main:389 - Configuring LeanDojo again...
2024-09-18 07:00:52.117 | INFO     | generate_benchmark_lean4:configure_leandojo:347 - Current working directory: /workspace/ReProver
2024-09-18 07:00:52.117 | INFO     | generate_benchmark_lean4:main:391 - LeanDojo configured
2024-09-18 07:00:52.117 | INFO     | generate_benchmark_lean4:main:394 - Tracing the repo...
2024-09-18 07:00:52.123 | DEBUG    | lean_dojo.data_extraction.trace:get_traced_repo_path:87 - The traced repo is available in the cache.
2024-09-18 07:00:52.123 | INFO     | lean_dojo.data_extraction.trace:trace:116 - Loading the traced repo from /workspace/.cache/lean_dojo/corent1234-hairy-ball-theorem-lean-a778826d19c8a7ddf1d26beeea628c45450612e6/hairy-ball-theorem-lean
2024-09-18 07:01:01.573 | DEBUG    | lean_dojo.data_extraction.traced_data:load_from_disk:1125 - Loading 2717 traced XML files from /workspace/.cache/lean_dojo/corent1234-hairy-ball-theorem-lean-a778826d19c8a7ddf1d26beeea628c45450612e6/hairy-ball-theorem-lean with 31 workers
100%|_______________________________________________________________| 2717/2717 [07:13<00:00,  6.27it/s]
2024-09-18 07:08:15.238 | DEBUG    | lean_dojo.data_extraction.lean:get_dependencies:499 - Querying the dependencies of LeanGitRepo(url='https://github.com/corent1234/hairy-ball-theorem-lean', commit='a778826d19c8a7ddf1d26beeea628c45450612e6')
2024-09-18 07:08:15.725 | DEBUG    | lean_dojo.data_extraction.lean:url_to_repo:70 - url_to_repo("https://github.com/leanprover-community/import-graph.git") failed. Retrying...
2024-09-18 07:08:16.806 | DEBUG    | lean_dojo.data_extraction.lean:url_to_repo:70 - url_to_repo("https://github.com/leanprover-community/import-graph.git") failed. Retrying...
2024-09-18 07:08:19.139 | DEBUG    | lean_dojo.data_extraction.lean:get_dependencies:499 - Querying the dependencies of LeanGitRepo(url='https://github.com/leanprover-community/mathlib4', commit='48d8b1d577f2740caaa44f336ec63987c41a23df')
2024-09-18 07:08:25.524 | DEBUG    | lean_dojo.data_extraction.traced_data:check_sanity:1010 - Checking the sanity of TracedRepo(repo=LeanGitRepo(url='https://github.com/corent1234/hairy-ball-theorem-lean', commit='a778826d19c8a7ddf1d26beeea628c45450612e6'), dependencies={'lean4': LeanGitRepo(url='https://github.com/leanprover/lean4', commit='e9e858a4484905a0bfe97c4f05c3924ead02eed8'), 'std': LeanGitRepo(url='https://github.com/leanprover/std4', commit='32983874c1b897d78f20d620fe92fc8fd3f06c3a'), 'Qq': LeanGitRepo(url='https://github.com/leanprover-community/quote4', commit='2c8ae451ce9ffc83554322b14437159c1a9703f9'), 'aesop': LeanGitRepo(url='https://github.com/leanprover-community/aesop', commit='2c39748d927749624f480b641f1d2d77b8632b92'), 'proofwidgets': LeanGitRepo(url='https://github.com/leanprover-community/ProofWidgets4', commit='eb08eee94098fe530ccd6d8751a86fe405473d4c'), 'Cli': LeanGitRepo(url='https://github.com/leanprover/lean4-cli', commit='2cf1030dc2ae6b3632c84a09350b675ef3e347d0'), 'mathlib': LeanGitRepo(url='https://github.com/leanprover-community/mathlib4', commit='48d8b1d577f2740caaa44f336ec63987c41a23df'), 'batteries': LeanGitRepo(url='https://github.com/leanprover-community/batteries', commit='46fed98b5cac2b1ea64e363b420c382ed1af0d85'), 'importGraph': LeanGitRepo(url='https://github.com/leanprover-community/import-graph', commit='fb7841a6f4fb389ec0e47dd4677844d49906af3c'), 'LeanSearchClient': LeanGitRepo(url='https://github.com/leanprover-community/LeanSearchClient', commit='3e9460c40e09457b2fd079ef55316535536425fc')}, root_dir=PosixPath('/workspace/.cache/lean_dojo/corent1234-hairy-ball-theorem-lean-a778826d19c8a7ddf1d26beeea628c45450612e6/hairy-ball-theorem-lean'))
2024-09-18 07:08:55.004 | INFO     | generate_benchmark_lean4:main:396 - Successfully traced the repo
2024-09-18 07:08:55.006 | WARNING  | generate_benchmark_lean4:safe_remove_dir:281 - /workspace/datasets_PT_single_repo_no_ewc_curriculum_sorries/hairy-ball-theorem-lean_a778826d19c8a7ddf1d26beeea628c45450612e6 already exists. Removing it now.
2024-09-18 07:08:58.213 | INFO     | generate_benchmark_lean4:split_data:133 - 71871 theorems in total
2024-09-18 07:08:58.214 | INFO     | generate_benchmark_lean4:split_data:138 - 71871 theorems in total, with 1437 for validation and 1437 for testing
2024-09-18 07:08:58.214 | INFO     | generate_benchmark_lean4:split_randomly:81 - Splitting the theorems randomly
2024-09-18 07:08:58.226 | INFO     | generate_benchmark_lean4:split_by_premise:95 - Splitting the theorems by premises
2024-09-18 07:09:00.719 | INFO     | generate_benchmark_lean4:main:402 - Successfully split the data
2024-09-18 07:09:08.829 | INFO     | generate_benchmark_lean4:export_proofs:202 - 68997 theorems and 108736 tactics saved to /workspace/datasets_PT_single_repo_no_ewc_curriculum_sorries/hairy-ball-theorem-lean_a778826d19c8a7ddf1d26beeea628c45450612e6/random/train.json
2024-09-18 07:09:09.130 | INFO     | generate_benchmark_lean4:export_proofs:202 - 1437 theorems and 2101 tactics saved to /workspace/datasets_PT_single_repo_no_ewc_curriculum_sorries/hairy-ball-theorem-lean_a778826d19c8a7ddf1d26beeea628c45450612e6/random/val.json
2024-09-18 07:09:09.313 | INFO     | generate_benchmark_lean4:export_proofs:202 - 1437 theorems and 2195 tactics saved to /workspace/datasets_PT_single_repo_no_ewc_curriculum_sorries/hairy-ball-theorem-lean_a778826d19c8a7ddf1d26beeea628c45450612e6/random/test.json
2024-09-18 07:09:16.107 | INFO     | generate_benchmark_lean4:export_proofs:202 - 68997 theorems and 102534 tactics saved to /workspace/datasets_PT_single_repo_no_ewc_curriculum_sorries/hairy-ball-theorem-lean_a778826d19c8a7ddf1d26beeea628c45450612e6/novel_premises/train.json
2024-09-18 07:09:16.587 | INFO     | generate_benchmark_lean4:export_proofs:202 - 1437 theorems and 5165 tactics saved to /workspace/datasets_PT_single_repo_no_ewc_curriculum_sorries/hairy-ball-theorem-lean_a778826d19c8a7ddf1d26beeea628c45450612e6/novel_premises/val.json
2024-09-18 07:09:16.953 | INFO     | generate_benchmark_lean4:export_proofs:202 - 1437 theorems and 5333 tactics saved to /workspace/datasets_PT_single_repo_no_ewc_curriculum_sorries/hairy-ball-theorem-lean_a778826d19c8a7ddf1d26beeea628c45450612e6/novel_premises/test.json
2024-09-18 07:09:16.954 | INFO     | generate_benchmark_lean4:export_proofs:206 - 143742 theorems saved in total
2024-09-18 07:09:16.957 | INFO     | generate_benchmark_lean4:export_data:323 - Successfully exported the proofs
2024-09-18 07:09:24.680 | INFO     | generate_benchmark_lean4:export_premises:229 - 129818 theorems/definitions from 2717 files saved to /workspace/datasets_PT_single_repo_no_ewc_curriculum_sorries/hairy-ball-theorem-lean_a778826d19c8a7ddf1d26beeea628c45450612e6/corpus.jsonl
2024-09-18 07:09:24.699 | INFO     | generate_benchmark_lean4:export_data:327 - Successfully exported the premises
2024-09-18 07:09:24.707 | INFO     | generate_benchmark_lean4:export_data:335 - Successfully exported the metadata
2024-09-18 07:09:24.707 | INFO     | generate_benchmark_lean4:main:404 - Successfully exported the data
2024-09-18 07:09:24.744 | INFO     | __main__:add_repo_to_database:1323 - Finished generating benchmark at /workspace/datasets_PT_single_repo_no_ewc_curriculum_sorries/hairy-ball-theorem-lean_a778826d19c8a7ddf1d26beeea628c45450612e6
100%|___________________________________________________________| 1437/1437 [00:00<00:00, 101365.87it/s]
100%|___________________________________________________________| 1437/1437 [00:00<00:00, 107553.93it/s]
100%|__________________________________________________________| 68997/68997 [00:00<00:00, 94924.65it/s]
2024-09-18 07:10:13.141 | INFO     | __main__:add_repo_to_database:1348 - Before adding new repo:
2024-09-18 07:10:13.141 | INFO     | dynamic_database:print_database_contents:624 - Current database contents:
2024-09-18 07:10:13.141 | INFO     | dynamic_database:print_database_contents:626 -   - https://github.com/ahhwuhu/zeta_3_irrational (commit: 914712200e463cfc97fe37e929d518dd58806a38)
2024-09-18 07:10:13.141 | INFO     | dynamic_database:print_database_contents:626 -   - https://github.com/apnelson1/Matroid (commit: 244315752bb0a771f20b676b946130b664d60712)
2024-09-18 07:10:13.141 | INFO     | dynamic_database:print_database_contents:626 -   - https://github.com/mo271/formal_book (commit: 6fbe8c2985008c0bfb30050750a71b90388ad3a3)
2024-09-18 07:10:13.141 | INFO     | dynamic_database:print_database_contents:626 -   - https://github.com/fpvandoorn/carleson (commit: bec7808b907190882fa1fa54ce749af297c6cf37)
2024-09-18 07:10:13.141 | INFO     | dynamic_database:print_database_contents:626 -   - https://github.com/YaelDillies/LeanAPAP (commit: 951c660a8d7ba8e39f906fdf657674a984effa8b)
2024-09-18 07:10:13.141 | INFO     | dynamic_database:print_database_contents:626 -   - https://github.com/NUS-Math-Formalization/coxeter (commit: 96af8aee7943ca8685ed1b00cc83a559ea389a97)
2024-09-18 07:10:13.141 | INFO     | dynamic_database:print_database_contents:626 -   - https://github.com/yangky11/miniF2F-lean4 (commit: 9e445f5435407f014b88b44a98436d50dd7abd00)
2024-09-18 07:10:13.141 | INFO     | dynamic_database:print_database_contents:626 -   - https://github.com/m4lvin/lean4-pdl (commit: c7f649fe3c4891cf1a01c120e82ebc5f6199856e)
2024-09-18 07:10:13.141 | INFO     | dynamic_database:print_database_contents:626 -   - https://github.com/Louis-Le-Grand/Formalisation-of-constructable-numbers (commit: 01ef1f22a04f2ba8081c5fb29413f515a0e52878)
2024-09-18 07:10:13.141 | INFO     | dynamic_database:add_repository:600 - Attempting to add repository: https://github.com/corent1234/hairy-ball-theorem-lean (commit: a778826d19c8a7ddf1d26beeea628c45450612e6)
2024-09-18 07:10:13.141 | INFO     | dynamic_database:add_repository:603 - Added new repository: https://github.com/corent1234/hairy-ball-theorem-lean (commit: a778826d19c8a7ddf1d26beeea628c45450612e6)
2024-09-18 07:10:13.141 | INFO     | __main__:add_repo_to_database:1351 - After adding new repo:
2024-09-18 07:10:13.141 | INFO     | dynamic_database:print_database_contents:624 - Current database contents:
2024-09-18 07:10:13.141 | INFO     | dynamic_database:print_database_contents:626 -   - https://github.com/ahhwuhu/zeta_3_irrational (commit: 914712200e463cfc97fe37e929d518dd58806a38)
2024-09-18 07:10:13.142 | INFO     | dynamic_database:print_database_contents:626 -   - https://github.com/apnelson1/Matroid (commit: 244315752bb0a771f20b676b946130b664d60712)
2024-09-18 07:10:13.142 | INFO     | dynamic_database:print_database_contents:626 -   - https://github.com/mo271/formal_book (commit: 6fbe8c2985008c0bfb30050750a71b90388ad3a3)
2024-09-18 07:10:13.142 | INFO     | dynamic_database:print_database_contents:626 -   - https://github.com/fpvandoorn/carleson (commit: bec7808b907190882fa1fa54ce749af297c6cf37)
2024-09-18 07:10:13.142 | INFO     | dynamic_database:print_database_contents:626 -   - https://github.com/YaelDillies/LeanAPAP (commit: 951c660a8d7ba8e39f906fdf657674a984effa8b)
2024-09-18 07:10:13.142 | INFO     | dynamic_database:print_database_contents:626 -   - https://github.com/NUS-Math-Formalization/coxeter (commit: 96af8aee7943ca8685ed1b00cc83a559ea389a97)
2024-09-18 07:10:13.142 | INFO     | dynamic_database:print_database_contents:626 -   - https://github.com/yangky11/miniF2F-lean4 (commit: 9e445f5435407f014b88b44a98436d50dd7abd00)
2024-09-18 07:10:13.142 | INFO     | dynamic_database:print_database_contents:626 -   - https://github.com/m4lvin/lean4-pdl (commit: c7f649fe3c4891cf1a01c120e82ebc5f6199856e)
2024-09-18 07:10:13.142 | INFO     | dynamic_database:print_database_contents:626 -   - https://github.com/Louis-Le-Grand/Formalisation-of-constructable-numbers (commit: 01ef1f22a04f2ba8081c5fb29413f515a0e52878)
2024-09-18 07:10:13.142 | INFO     | dynamic_database:print_database_contents:626 -   - https://github.com/corent1234/hairy-ball-theorem-lean (commit: a778826d19c8a7ddf1d26beeea628c45450612e6)
2024-09-18 07:11:11.077 | INFO     | __main__:main:1703 - Successfully added repo https://github.com/corent1234/hairy-ball-theorem-lean
2024-09-18 07:11:11.078 | INFO     | __main__:main:1700 - Processing https://github.com/ahhwuhu/zeta_3_irrational
2024-09-18 07:11:11.078 | INFO     | __main__:add_repo_to_database:1289 - Processing https://github.com/ahhwuhu/zeta_3_irrational.git
2024-09-18 07:11:11.403 | INFO     | __main__:get_compatible_commit:691 - Latest commit: 944a770be5e254d484cdba076d0805e6de2b595a
2024-09-18 07:11:11.403 | INFO     | __main__:get_compatible_commit:694 - Creating LeanGitRepo for https://github.com/ahhwuhu/zeta_3_irrational
2024-09-18 07:11:11.640 | INFO     | __main__:get_compatible_commit:696 - Getting config for https://github.com/ahhwuhu/zeta_3_irrational.git
2024-09-18 07:11:11.641 | INFO     | __main__:get_compatible_commit:703 - Searching for compatible commit for https://github.com/ahhwuhu/zeta_3_irrational.git
2024-09-18 07:11:11.655 | INFO     | __main__:get_compatible_commit:709 - Already in a Git repository
2024-09-18 07:11:11.657 | INFO     | __main__:get_compatible_commit:719 - Fetching commits for https://github.com/ahhwuhu/zeta_3_irrational.git
2024-09-18 07:11:12.906 | INFO     | __main__:get_compatible_commit:723 - Fetched commits for https://github.com/ahhwuhu/zeta_3_irrational.git
2024-09-18 07:11:12.909 | INFO     | __main__:get_compatible_commit:729 - Getting list of commits for https://github.com/ahhwuhu/zeta_3_irrational.git
2024-09-18 07:11:12.956 | INFO     | __main__:get_compatible_commit:734 - Found 88 commits for https://github.com/ahhwuhu/zeta_3_irrational.git
2024-09-18 07:11:13.975 | INFO     | __main__:get_compatible_commit:741 - Found compatible commit 914712200e463cfc97fe37e929d518dd58806a38 for https://github.com/ahhwuhu/zeta_3_irrational.git
2024-09-18 07:11:13.975 | INFO     | __main__:add_repo_to_database:1309 - Found compatible commit 914712200e463cfc97fe37e929d518dd58806a38 for https://github.com/ahhwuhu/zeta_3_irrational.git
2024-09-18 07:11:13.975 | INFO     | __main__:add_repo_to_database:1310 - Lean version: v4.8.0-rc2
2024-09-18 07:11:13.975 | INFO     | __main__:add_repo_to_database:1315 - Generating benchmark at /workspace/datasets_PT_single_repo_no_ewc_curriculum_sorries/zeta_3_irrational_914712200e463cfc97fe37e929d518dd58806a38
2024-09-18 07:11:13.976 | INFO     | generate_benchmark_lean4:main:354 - Generating dataset to go into /workspace/datasets_PT_single_repo_no_ewc_curriculum_sorries/zeta_3_irrational_914712200e463cfc97fe37e929d518dd58806a38
2024-09-18 07:11:13.976 | INFO     | generate_benchmark_lean4:main:361 - lean toolchain version: {'content': 'leanprover/lean4:v4.8.0-rc2\n'}
2024-09-18 07:11:13.976 | INFO     | generate_benchmark_lean4:main:363 - lean version v: v4.8.0-rc2
2024-09-18 07:11:13.976 | INFO     | generate_benchmark_lean4:main:364 - is supported: True
2024-09-18 07:11:13.976 | INFO     | generate_benchmark_lean4:main:373 - lean path1 /root/.elan/toolchains/leanprover--lean4---4.8.0-rc2
2024-09-18 07:11:13.976 | INFO     | generate_benchmark_lean4:main:374 - lean path2 /.elan/toolchains/leanprover--lean4---4.8.0-rc2
2024-09-18 07:11:13.976 | INFO     | generate_benchmark_lean4:main:375 - lean path3 ~/.elan/toolchains/leanprover--lean4---4.8.0-rc2
2024-09-18 07:11:13.976 | INFO     | generate_benchmark_lean4:main:379 - Lean toolchain path 2 does not exist: /.elan/toolchains/leanprover--lean4---4.8.0-rc2
2024-09-18 07:11:13.978 | INFO     | generate_benchmark_lean4:main:381 - Lean toolchain path 3 does not exist: ~/.elan/toolchains/leanprover--lean4---4.8.0-rc2
2024-09-18 07:11:13.978 | INFO     | generate_benchmark_lean4:main:384 - Switched to Lean toolchain at: /root/.elan/toolchains/leanprover--lean4---4.8.0-rc2
2024-09-18 07:11:14.013 | INFO     | generate_benchmark_lean4:main:386 - lean --version: Lean (version 4.8.0-rc2, x86_64-unknown-linux-gnu, commit 873ef2d894af, Release)

2024-09-18 07:11:14.013 | INFO     | generate_benchmark_lean4:main:387 - repo: LeanGitRepo(url='https://github.com/ahhwuhu/zeta_3_irrational', commit='914712200e463cfc97fe37e929d518dd58806a38')
2024-09-18 07:11:14.013 | INFO     | generate_benchmark_lean4:main:389 - Configuring LeanDojo again...
2024-09-18 07:11:14.030 | INFO     | generate_benchmark_lean4:configure_leandojo:347 - Current working directory: /workspace/ReProver
2024-09-18 07:11:14.030 | INFO     | generate_benchmark_lean4:main:391 - LeanDojo configured
2024-09-18 07:11:14.030 | INFO     | generate_benchmark_lean4:main:394 - Tracing the repo...
2024-09-18 07:11:14.037 | DEBUG    | lean_dojo.data_extraction.trace:get_traced_repo_path:87 - The traced repo is available in the cache.
2024-09-18 07:11:14.037 | INFO     | lean_dojo.data_extraction.trace:trace:116 - Loading the traced repo from /workspace/.cache/lean_dojo/ahhwuhu-zeta_3_irrational-914712200e463cfc97fe37e929d518dd58806a38/zeta_3_irrational
2024-09-18 07:11:24.345 | DEBUG    | lean_dojo.data_extraction.traced_data:load_from_disk:1125 - Loading 5457 traced XML files from /workspace/.cache/lean_dojo/ahhwuhu-zeta_3_irrational-914712200e463cfc97fe37e929d518dd58806a38/zeta_3_irrational with 31 workers
100%|_______________________________________________________________| 5457/5457 [12:57<00:00,  7.02it/s]
2024-09-18 07:24:22.088 | DEBUG    | lean_dojo.data_extraction.lean:get_dependencies:499 - Querying the dependencies of LeanGitRepo(url='https://github.com/ahhwuhu/zeta_3_irrational', commit='914712200e463cfc97fe37e929d518dd58806a38')
2024-09-18 07:24:22.738 | DEBUG    | lean_dojo.data_extraction.lean:url_to_repo:70 - url_to_repo("https://github.com/leanprover-community/import-graph.git") failed. Retrying...
2024-09-18 07:24:23.807 | DEBUG    | lean_dojo.data_extraction.lean:url_to_repo:70 - url_to_repo("https://github.com/leanprover-community/import-graph.git") failed. Retrying...
2024-09-18 07:24:26.138 | DEBUG    | lean_dojo.data_extraction.lean:get_dependencies:499 - Querying the dependencies of LeanGitRepo(url='https://github.com/leanprover-community/mathlib4', commit='48d8b1d577f2740caaa44f336ec63987c41a23df')
2024-09-18 07:24:26.138 | DEBUG    | lean_dojo.data_extraction.lean:get_dependencies:499 - Querying the dependencies of LeanGitRepo(url='https://github.com/PatrickMassot/checkdecls', commit='11fa569b1b52f987dc5dcea97fd80eaff95c2fce')
2024-09-18 07:24:26.139 | DEBUG    | lean_dojo.data_extraction.lean:get_dependencies:499 - Querying the dependencies of LeanGitRepo(url='https://github.com/leanprover/doc-gen4', commit='1b0072fea2aa6a0ef8ef8b506ec5223b184cb4d0')
2024-09-18 07:24:37.333 | DEBUG    | lean_dojo.data_extraction.traced_data:check_sanity:1010 - Checking the sanity of TracedRepo(repo=LeanGitRepo(url='https://github.com/ahhwuhu/zeta_3_irrational', commit='914712200e463cfc97fe37e929d518dd58806a38'), dependencies={'lean4': LeanGitRepo(url='https://github.com/leanprover/lean4', commit='e9e858a4484905a0bfe97c4f05c3924ead02eed8'), 'batteries': LeanGitRepo(url='https://github.com/leanprover-community/batteries', commit='46fed98b5cac2b1ea64e363b420c382ed1af0d85'), 'Qq': LeanGitRepo(url='https://github.com/leanprover-community/quote4', commit='2c8ae451ce9ffc83554322b14437159c1a9703f9'), 'aesop': LeanGitRepo(url='https://github.com/leanprover-community/aesop', commit='2c39748d927749624f480b641f1d2d77b8632b92'), 'proofwidgets': LeanGitRepo(url='https://github.com/leanprover-community/ProofWidgets4', commit='eb08eee94098fe530ccd6d8751a86fe405473d4c'), 'Cli': LeanGitRepo(url='https://github.com/mhuisi/lean4-cli', commit='bf066c328bcff19aa93adf4d24c4e896c0d4eaca'), 'mathlib': LeanGitRepo(url='https://github.com/leanprover-community/mathlib4', commit='48d8b1d577f2740caaa44f336ec63987c41a23df'), 'importGraph': LeanGitRepo(url='https://github.com/leanprover-community/import-graph', commit='fb7841a6f4fb389ec0e47dd4677844d49906af3c'), 'LeanSearchClient': LeanGitRepo(url='https://github.com/leanprover-community/LeanSearchClient', commit='3e9460c40e09457b2fd079ef55316535536425fc'), 'checkdecls': LeanGitRepo(url='https://github.com/PatrickMassot/checkdecls', commit='11fa569b1b52f987dc5dcea97fd80eaff95c2fce'), '_doc-gen4_': LeanGitRepo(url='https://github.com/leanprover/doc-gen4', commit='1b0072fea2aa6a0ef8ef8b506ec5223b184cb4d0'), 'MD4Lean': LeanGitRepo(url='https://github.com/acmepjz/md4lean', commit='5e95f4776be5e048364f325c7e9d619bb56fb005'), 'UnicodeBasic': LeanGitRepo(url='https://github.com/fgdorais/lean4-unicode-basic', commit='7afce91e4fcee25c1ed06dca8d71b82bed396776'), 'BibtexQuery': LeanGitRepo(url='https://github.com/dupuisf/BibtexQuery', commit='0a294fe9bf23b396c5cc955054c50b9b652ec5ad')}, root_dir=PosixPath('/workspace/.cache/lean_dojo/ahhwuhu-zeta_3_irrational-914712200e463cfc97fe37e929d518dd58806a38/zeta_3_irrational'))
2024-09-18 07:25:19.905 | INFO     | generate_benchmark_lean4:main:396 - Successfully traced the repo
2024-09-18 07:25:19.908 | WARNING  | generate_benchmark_lean4:safe_remove_dir:281 - /workspace/datasets_PT_single_repo_no_ewc_curriculum_sorries/zeta_3_irrational_914712200e463cfc97fe37e929d518dd58806a38 already exists. Removing it now.
2024-09-18 07:25:24.955 | INFO     | generate_benchmark_lean4:split_data:133 - 120174 theorems in total
2024-09-18 07:25:24.956 | INFO     | generate_benchmark_lean4:split_data:138 - 120174 theorems in total, with 2403 for validation and 2403 for testing
2024-09-18 07:25:24.956 | INFO     | generate_benchmark_lean4:split_randomly:81 - Splitting the theorems randomly
2024-09-18 07:25:24.976 | INFO     | generate_benchmark_lean4:split_by_premise:95 - Splitting the theorems by premises
2024-09-18 07:25:29.655 | INFO     | generate_benchmark_lean4:main:402 - Successfully split the data
2024-09-18 07:25:46.509 | INFO     | generate_benchmark_lean4:export_proofs:202 - 115368 theorems and 245126 tactics saved to /workspace/datasets_PT_single_repo_no_ewc_curriculum_sorries/zeta_3_irrational_914712200e463cfc97fe37e929d518dd58806a38/random/train.json
2024-09-18 07:25:47.138 | INFO     | generate_benchmark_lean4:export_proofs:202 - 2403 theorems and 5079 tactics saved to /workspace/datasets_PT_single_repo_no_ewc_curriculum_sorries/zeta_3_irrational_914712200e463cfc97fe37e929d518dd58806a38/random/val.json
2024-09-18 07:25:47.537 | INFO     | generate_benchmark_lean4:export_proofs:202 - 2403 theorems and 5035 tactics saved to /workspace/datasets_PT_single_repo_no_ewc_curriculum_sorries/zeta_3_irrational_914712200e463cfc97fe37e929d518dd58806a38/random/test.json
2024-09-18 07:26:01.929 | INFO     | generate_benchmark_lean4:export_proofs:202 - 115368 theorems and 231390 tactics saved to /workspace/datasets_PT_single_repo_no_ewc_curriculum_sorries/zeta_3_irrational_914712200e463cfc97fe37e929d518dd58806a38/novel_premises/train.json
2024-09-18 07:26:03.027 | INFO     | generate_benchmark_lean4:export_proofs:202 - 2403 theorems and 11958 tactics saved to /workspace/datasets_PT_single_repo_no_ewc_curriculum_sorries/zeta_3_irrational_914712200e463cfc97fe37e929d518dd58806a38/novel_premises/val.json
2024-09-18 07:26:03.860 | INFO     | generate_benchmark_lean4:export_proofs:202 - 2403 theorems and 11892 tactics saved to /workspace/datasets_PT_single_repo_no_ewc_curriculum_sorries/zeta_3_irrational_914712200e463cfc97fe37e929d518dd58806a38/novel_premises/test.json
2024-09-18 07:26:03.860 | INFO     | generate_benchmark_lean4:export_proofs:206 - 240348 theorems saved in total
2024-09-18 07:26:03.871 | INFO     | generate_benchmark_lean4:export_data:323 - Successfully exported the proofs
2024-09-18 07:26:16.930 | INFO     | generate_benchmark_lean4:export_premises:229 - 176332 theorems/definitions from 5457 files saved to /workspace/datasets_PT_single_repo_no_ewc_curriculum_sorries/zeta_3_irrational_914712200e463cfc97fe37e929d518dd58806a38/corpus.jsonl
2024-09-18 07:26:16.958 | INFO     | generate_benchmark_lean4:export_data:327 - Successfully exported the premises
2024-09-18 07:26:16.964 | INFO     | generate_benchmark_lean4:export_data:335 - Successfully exported the metadata
2024-09-18 07:26:16.964 | INFO     | generate_benchmark_lean4:main:404 - Successfully exported the data
2024-09-18 07:26:17.033 | INFO     | __main__:add_repo_to_database:1323 - Finished generating benchmark at /workspace/datasets_PT_single_repo_no_ewc_curriculum_sorries/zeta_3_irrational_914712200e463cfc97fe37e929d518dd58806a38
100%|____________________________________________________________| 2403/2403 [00:00<00:00, 75774.46it/s]
100%|____________________________________________________________| 2403/2403 [00:00<00:00, 80721.06it/s]
100%|________________________________________________________| 115368/115368 [00:01<00:00, 79331.50it/s]
2024-09-18 07:26:22.149 | INFO     | __main__:add_repo_to_database:1348 - Before adding new repo:
2024-09-18 07:26:22.150 | INFO     | dynamic_database:print_database_contents:624 - Current database contents:
2024-09-18 07:26:22.150 | INFO     | dynamic_database:print_database_contents:626 -   - https://github.com/ahhwuhu/zeta_3_irrational (commit: 914712200e463cfc97fe37e929d518dd58806a38)
2024-09-18 07:26:22.150 | INFO     | dynamic_database:print_database_contents:626 -   - https://github.com/apnelson1/Matroid (commit: 244315752bb0a771f20b676b946130b664d60712)
2024-09-18 07:26:22.150 | INFO     | dynamic_database:print_database_contents:626 -   - https://github.com/mo271/formal_book (commit: 6fbe8c2985008c0bfb30050750a71b90388ad3a3)
2024-09-18 07:26:22.150 | INFO     | dynamic_database:print_database_contents:626 -   - https://github.com/fpvandoorn/carleson (commit: bec7808b907190882fa1fa54ce749af297c6cf37)
2024-09-18 07:26:22.150 | INFO     | dynamic_database:print_database_contents:626 -   - https://github.com/YaelDillies/LeanAPAP (commit: 951c660a8d7ba8e39f906fdf657674a984effa8b)
2024-09-18 07:26:22.150 | INFO     | dynamic_database:print_database_contents:626 -   - https://github.com/NUS-Math-Formalization/coxeter (commit: 96af8aee7943ca8685ed1b00cc83a559ea389a97)
2024-09-18 07:26:22.150 | INFO     | dynamic_database:print_database_contents:626 -   - https://github.com/yangky11/miniF2F-lean4 (commit: 9e445f5435407f014b88b44a98436d50dd7abd00)
2024-09-18 07:26:22.150 | INFO     | dynamic_database:print_database_contents:626 -   - https://github.com/m4lvin/lean4-pdl (commit: c7f649fe3c4891cf1a01c120e82ebc5f6199856e)
2024-09-18 07:26:22.150 | INFO     | dynamic_database:print_database_contents:626 -   - https://github.com/Louis-Le-Grand/Formalisation-of-constructable-numbers (commit: 01ef1f22a04f2ba8081c5fb29413f515a0e52878)
2024-09-18 07:26:22.150 | INFO     | dynamic_database:print_database_contents:626 -   - https://github.com/corent1234/hairy-ball-theorem-lean (commit: a778826d19c8a7ddf1d26beeea628c45450612e6)
2024-09-18 07:26:22.150 | INFO     | dynamic_database:add_repository:600 - Attempting to add repository: https://github.com/ahhwuhu/zeta_3_irrational (commit: 914712200e463cfc97fe37e929d518dd58806a38)
2024-09-18 07:26:22.150 | INFO     | dynamic_database:add_repository:605 - Repository 'https://github.com/ahhwuhu/zeta_3_irrational' with commit '914712200e463cfc97fe37e929d518dd58806a38' already exists in the database.
2024-09-18 07:26:22.150 | INFO     | __main__:add_repo_to_database:1351 - After adding new repo:
2024-09-18 07:26:22.150 | INFO     | dynamic_database:print_database_contents:624 - Current database contents:
2024-09-18 07:26:22.150 | INFO     | dynamic_database:print_database_contents:626 -   - https://github.com/ahhwuhu/zeta_3_irrational (commit: 914712200e463cfc97fe37e929d518dd58806a38)
2024-09-18 07:26:22.150 | INFO     | dynamic_database:print_database_contents:626 -   - https://github.com/apnelson1/Matroid (commit: 244315752bb0a771f20b676b946130b664d60712)
2024-09-18 07:26:22.150 | INFO     | dynamic_database:print_database_contents:626 -   - https://github.com/mo271/formal_book (commit: 6fbe8c2985008c0bfb30050750a71b90388ad3a3)
2024-09-18 07:26:22.150 | INFO     | dynamic_database:print_database_contents:626 -   - https://github.com/fpvandoorn/carleson (commit: bec7808b907190882fa1fa54ce749af297c6cf37)
2024-09-18 07:26:22.150 | INFO     | dynamic_database:print_database_contents:626 -   - https://github.com/YaelDillies/LeanAPAP (commit: 951c660a8d7ba8e39f906fdf657674a984effa8b)
2024-09-18 07:26:22.150 | INFO     | dynamic_database:print_database_contents:626 -   - https://github.com/NUS-Math-Formalization/coxeter (commit: 96af8aee7943ca8685ed1b00cc83a559ea389a97)
2024-09-18 07:26:22.150 | INFO     | dynamic_database:print_database_contents:626 -   - https://github.com/yangky11/miniF2F-lean4 (commit: 9e445f5435407f014b88b44a98436d50dd7abd00)
2024-09-18 07:26:22.150 | INFO     | dynamic_database:print_database_contents:626 -   - https://github.com/m4lvin/lean4-pdl (commit: c7f649fe3c4891cf1a01c120e82ebc5f6199856e)
2024-09-18 07:26:22.150 | INFO     | dynamic_database:print_database_contents:626 -   - https://github.com/Louis-Le-Grand/Formalisation-of-constructable-numbers (commit: 01ef1f22a04f2ba8081c5fb29413f515a0e52878)
2024-09-18 07:26:22.150 | INFO     | dynamic_database:print_database_contents:626 -   - https://github.com/corent1234/hairy-ball-theorem-lean (commit: a778826d19c8a7ddf1d26beeea628c45450612e6)
2024-09-18 07:27:20.290 | INFO     | __main__:main:1703 - Successfully added repo https://github.com/ahhwuhu/zeta_3_irrational
2024-09-18 07:27:20.290 | INFO     | __main__:main:1704 - Successfully added 100 repositories to the database
Ready to calculate difficulties of all theorems
Starting ahhwuhu/zeta_3_irrational
2024-09-18 07:27:20.488 | INFO     | dynamic_database:update_repository:614 - Attempting to update repository: https://github.com/ahhwuhu/zeta_3_irrational (commit: 914712200e463cfc97fe37e929d518dd58806a38)
2024-09-18 07:27:20.488 | INFO     | dynamic_database:update_repository:618 - Updated repository: https://github.com/ahhwuhu/zeta_3_irrational (commit: 914712200e463cfc97fe37e929d518dd58806a38)
Finished ahhwuhu/zeta_3_irrational
Starting apnelson1/Matroid
2024-09-18 07:27:20.618 | INFO     | dynamic_database:update_repository:614 - Attempting to update repository: https://github.com/apnelson1/Matroid (commit: 244315752bb0a771f20b676b946130b664d60712)
2024-09-18 07:27:20.619 | INFO     | dynamic_database:update_repository:618 - Updated repository: https://github.com/apnelson1/Matroid (commit: 244315752bb0a771f20b676b946130b664d60712)
Finished apnelson1/Matroid
Starting mo271/formal_book
2024-09-18 07:27:20.742 | INFO     | dynamic_database:update_repository:614 - Attempting to update repository: https://github.com/mo271/formal_book (commit: 6fbe8c2985008c0bfb30050750a71b90388ad3a3)
2024-09-18 07:27:20.742 | INFO     | dynamic_database:update_repository:618 - Updated repository: https://github.com/mo271/formal_book (commit: 6fbe8c2985008c0bfb30050750a71b90388ad3a3)
Finished mo271/formal_book
Starting fpvandoorn/carleson
2024-09-18 07:27:20.849 | INFO     | dynamic_database:update_repository:614 - Attempting to update repository: https://github.com/fpvandoorn/carleson (commit: bec7808b907190882fa1fa54ce749af297c6cf37)
2024-09-18 07:27:20.850 | INFO     | dynamic_database:update_repository:618 - Updated repository: https://github.com/fpvandoorn/carleson (commit: bec7808b907190882fa1fa54ce749af297c6cf37)
Finished fpvandoorn/carleson
Starting YaelDillies/LeanAPAP
2024-09-18 07:27:20.951 | INFO     | dynamic_database:update_repository:614 - Attempting to update repository: https://github.com/YaelDillies/LeanAPAP (commit: 951c660a8d7ba8e39f906fdf657674a984effa8b)
2024-09-18 07:27:20.951 | INFO     | dynamic_database:update_repository:618 - Updated repository: https://github.com/YaelDillies/LeanAPAP (commit: 951c660a8d7ba8e39f906fdf657674a984effa8b)
Finished YaelDillies/LeanAPAP
Starting NUS-Math-Formalization/coxeter
2024-09-18 07:27:21.056 | INFO     | dynamic_database:update_repository:614 - Attempting to update repository: https://github.com/NUS-Math-Formalization/coxeter (commit: 96af8aee7943ca8685ed1b00cc83a559ea389a97)
2024-09-18 07:27:21.056 | INFO     | dynamic_database:update_repository:618 - Updated repository: https://github.com/NUS-Math-Formalization/coxeter (commit: 96af8aee7943ca8685ed1b00cc83a559ea389a97)
Finished NUS-Math-Formalization/coxeter
Starting yangky11/miniF2F-lean4
2024-09-18 07:27:21.157 | INFO     | dynamic_database:update_repository:614 - Attempting to update repository: https://github.com/yangky11/miniF2F-lean4 (commit: 9e445f5435407f014b88b44a98436d50dd7abd00)
2024-09-18 07:27:21.158 | INFO     | dynamic_database:update_repository:618 - Updated repository: https://github.com/yangky11/miniF2F-lean4 (commit: 9e445f5435407f014b88b44a98436d50dd7abd00)
Finished yangky11/miniF2F-lean4
Starting m4lvin/lean4-pdl
2024-09-18 07:27:21.186 | INFO     | dynamic_database:update_repository:614 - Attempting to update repository: https://github.com/m4lvin/lean4-pdl (commit: c7f649fe3c4891cf1a01c120e82ebc5f6199856e)
2024-09-18 07:27:21.186 | INFO     | dynamic_database:update_repository:618 - Updated repository: https://github.com/m4lvin/lean4-pdl (commit: c7f649fe3c4891cf1a01c120e82ebc5f6199856e)
Finished m4lvin/lean4-pdl
Starting Louis-Le-Grand/Formalisation-of-constructable-numbers
2024-09-18 07:27:21.292 | INFO     | dynamic_database:update_repository:614 - Attempting to update repository: https://github.com/Louis-Le-Grand/Formalisation-of-constructable-numbers (commit: 01ef1f22a04f2ba8081c5fb29413f515a0e52878)
2024-09-18 07:27:21.293 | INFO     | dynamic_database:update_repository:618 - Updated repository: https://github.com/Louis-Le-Grand/Formalisation-of-constructable-numbers (commit: 01ef1f22a04f2ba8081c5fb29413f515a0e52878)
Finished Louis-Le-Grand/Formalisation-of-constructable-numbers
Starting corent1234/hairy-ball-theorem-lean
2024-09-18 07:27:21.396 | INFO     | dynamic_database:update_repository:614 - Attempting to update repository: https://github.com/corent1234/hairy-ball-theorem-lean (commit: a778826d19c8a7ddf1d26beeea628c45450612e6)
2024-09-18 07:27:21.396 | INFO     | dynamic_database:update_repository:618 - Updated repository: https://github.com/corent1234/hairy-ball-theorem-lean (commit: a778826d19c8a7ddf1d26beeea628c45450612e6)
Finished corent1234/hairy-ball-theorem-lean
Ready to categorize theorems
Starting ahhwuhu/zeta_3_irrational
Finished ahhwuhu/zeta_3_irrational
Starting apnelson1/Matroid
Finished apnelson1/Matroid
Starting mo271/formal_book
Finished mo271/formal_book
Starting fpvandoorn/carleson
Finished fpvandoorn/carleson
Starting YaelDillies/LeanAPAP
Finished YaelDillies/LeanAPAP
Starting NUS-Math-Formalization/coxeter
Finished NUS-Math-Formalization/coxeter
Starting yangky11/miniF2F-lean4
Finished yangky11/miniF2F-lean4
Starting m4lvin/lean4-pdl
Finished m4lvin/lean4-pdl
Starting Louis-Le-Grand/Formalisation-of-constructable-numbers
Finished Louis-Le-Grand/Formalisation-of-constructable-numbers
Starting corent1234/hairy-ball-theorem-lean
Finished corent1234/hairy-ball-theorem-lean
Distributed theorems with no proofs
Starting ahhwuhu/zeta_3_irrational
Finished ahhwuhu/zeta_3_irrational
Starting apnelson1/Matroid
Finished apnelson1/Matroid
Starting mo271/formal_book
Finished mo271/formal_book
Starting fpvandoorn/carleson
Finished fpvandoorn/carleson
Starting YaelDillies/LeanAPAP
Finished YaelDillies/LeanAPAP
Starting NUS-Math-Formalization/coxeter
Finished NUS-Math-Formalization/coxeter
Starting yangky11/miniF2F-lean4
Finished yangky11/miniF2F-lean4
Starting m4lvin/lean4-pdl
Finished m4lvin/lean4-pdl
Starting Louis-Le-Grand/Formalisation-of-constructable-numbers
Finished Louis-Le-Grand/Formalisation-of-constructable-numbers
Starting corent1234/hairy-ball-theorem-lean
Finished corent1234/hairy-ball-theorem-lean
Sorted repositories. Saving now...
Summary of theorem difficulties by URL:

URL: https://github.com/ahhwuhu/zeta_3_irrational
  Easy: 40954 theorems
    - Subgroup.disjoint_iff_mul_eq_one (File: .lake/packages/mathlib/Mathlib/Algebra/Group/Subgroup/Basic.lean, Difficulty: 2.72)
    - Subgroup.disjoint_def (File: .lake/packages/mathlib/Mathlib/Algebra/Group/Subgroup/Basic.lean, Difficulty: 2.72)
    - Equiv.Finset.union_symm_inr (File: .lake/packages/mathlib/Mathlib/Data/Finset/Basic.lean, Difficulty: N/A)
  Medium: 39618 theorems
    - List.disjoint_map (File: .lake/packages/mathlib/Mathlib/Data/List/Basic.lean, Difficulty: 7.39)
    - List.dropSlice_eq (File: .lake/packages/mathlib/Mathlib/Data/List/Basic.lean, Difficulty: 20.09)
    - List.disjoint_toFinset_iff_disjoint (File: .lake/packages/mathlib/Mathlib/Data/Finset/Basic.lean, Difficulty: N/A)
  Hard: 39586 theorems
    - ConjClasses.mem_noncenter (File: .lake/packages/mathlib/Mathlib/Algebra/Group/Subgroup/Basic.lean, Difficulty: N/A)
    - IsConj.normalClosure_eq_top_of (File: .lake/packages/mathlib/Mathlib/Algebra/Group/Subgroup/Basic.lean, Difficulty: 3269017.37)
    - List.disjoint_pmap (File: .lake/packages/mathlib/Mathlib/Data/List/Basic.lean, Difficulty: 54.60)
  Hard (No proof): 16 theorems
    - fun1_tendsto_zero (File: Zeta3Irrational/Basic.lean, Difficulty: inf)
    - JJ_upper (File: Zeta3Irrational/Basic.lean, Difficulty: inf)
    - JJ_pos (File: Zeta3Irrational/Basic.lean, Difficulty: inf)

URL: https://github.com/apnelson1/Matroid
  Easy: 28802 theorems
    - Subgroup.disjoint_iff_mul_eq_one (File: .lake/packages/mathlib/Mathlib/Algebra/Group/Subgroup/Basic.lean, Difficulty: 2.72)
    - Subgroup.disjoint_def (File: .lake/packages/mathlib/Mathlib/Algebra/Group/Subgroup/Basic.lean, Difficulty: 2.72)
    - List.forall_map_iff (File: .lake/packages/mathlib/Mathlib/Data/List/Basic.lean, Difficulty: 2.72)
  Medium: 26170 theorems
    - Subgroup.disjoint_def' (File: .lake/packages/mathlib/Mathlib/Algebra/Group/Subgroup/Basic.lean, Difficulty: N/A)
    - List.disjoint_map (File: .lake/packages/mathlib/Mathlib/Data/List/Basic.lean, Difficulty: 7.39)
    - Subgroup.SubgroupNormal.mem_comm (File: .lake/packages/mathlib/Mathlib/Algebra/Group/Subgroup/Basic.lean, Difficulty: 7.39)
  Hard: 24021 theorems
    - ConjClasses.mem_noncenter (File: .lake/packages/mathlib/Mathlib/Algebra/Group/Subgroup/Basic.lean, Difficulty: N/A)
    - IsConj.normalClosure_eq_top_of (File: .lake/packages/mathlib/Mathlib/Algebra/Group/Subgroup/Basic.lean, Difficulty: 3269017.37)
    - Subgroup.mul_injective_of_disjoint (File: .lake/packages/mathlib/Mathlib/Algebra/Group/Subgroup/Basic.lean, Difficulty: 54.60)
  Hard (No proof): 0 theorems

URL: https://github.com/mo271/formal_book
  Easy: 27431 theorems
    - Subgroup.disjoint_iff_mul_eq_one (File: .lake/packages/mathlib/Mathlib/Algebra/Group/Subgroup/Basic.lean, Difficulty: 2.72)
    - Subgroup.disjoint_def (File: .lake/packages/mathlib/Mathlib/Algebra/Group/Subgroup/Basic.lean, Difficulty: 2.72)
    - Equiv.Finset.union_symm_inl (File: .lake/packages/mathlib/Mathlib/Data/Finset/Basic.lean, Difficulty: N/A)
  Medium: 24838 theorems
    - ConjClasses.mem_noncenter (File: .lake/packages/mathlib/Mathlib/Algebra/Group/Subgroup/Basic.lean, Difficulty: N/A)
    - List.disjoint_map (File: .lake/packages/mathlib/Mathlib/Data/List/Basic.lean, Difficulty: 7.39)
    - List.dropSlice_eq (File: .lake/packages/mathlib/Mathlib/Data/List/Basic.lean, Difficulty: 20.09)
  Hard: 22356 theorems
    - IsConj.normalClosure_eq_top_of (File: .lake/packages/mathlib/Mathlib/Algebra/Group/Subgroup/Basic.lean, Difficulty: 3269017.37)
    - Subgroup.mul_injective_of_disjoint (File: .lake/packages/mathlib/Mathlib/Algebra/Group/Subgroup/Basic.lean, Difficulty: 54.60)
    - List.disjoint_pmap (File: .lake/packages/mathlib/Mathlib/Data/List/Basic.lean, Difficulty: 54.60)
  Hard (No proof): 29 theorems
    - Asymptotics.infinitely_many_more_proofs (File: FormalBook/Chapter_01.lean, Difficulty: inf)
    - infinity_of_primes_ (File: FormalBook/Chapter_01.lean, Difficulty: inf)
    - infinity_of_primes_ (File: FormalBook/Chapter_01.lean, Difficulty: inf)

URL: https://github.com/Louis-Le-Grand/Formalisation-of-constructable-numbers
  Easy: 26923 theorems
    - Subgroup.disjoint_iff_mul_eq_one (File: .lake/packages/mathlib/Mathlib/Algebra/Group/Subgroup/Basic.lean, Difficulty: 2.72)
    - Subgroup.disjoint_def' (File: .lake/packages/mathlib/Mathlib/Algebra/Group/Subgroup/Basic.lean, Difficulty: N/A)
    - Subgroup.disjoint_def (File: .lake/packages/mathlib/Mathlib/Algebra/Group/Subgroup/Basic.lean, Difficulty: 2.72)
  Medium: 24443 theorems
    - List.disjoint_map (File: .lake/packages/mathlib/Mathlib/Data/List/Basic.lean, Difficulty: 7.39)
    - List.disjoint_toFinset_iff_disjoint (File: .lake/packages/mathlib/Mathlib/Data/Finset/Basic.lean, Difficulty: N/A)
    - List.dropSlice_eq (File: .lake/packages/mathlib/Mathlib/Data/List/Basic.lean, Difficulty: 20.09)
  Hard: 22680 theorems
    - ConjClasses.mem_noncenter (File: .lake/packages/mathlib/Mathlib/Algebra/Group/Subgroup/Basic.lean, Difficulty: N/A)
    - IsConj.normalClosure_eq_top_of (File: .lake/packages/mathlib/Mathlib/Algebra/Group/Subgroup/Basic.lean, Difficulty: 3269017.37)
    - Subgroup.mul_injective_of_disjoint (File: .lake/packages/mathlib/Mathlib/Algebra/Group/Subgroup/Basic.lean, Difficulty: 54.60)
  Hard (No proof): 4 theorems
    - Classfication_z_in_M_inf_2m (File: Construction/bestiary.lean, Difficulty: inf)
    - Classfication_z_in_M_inf (File: Construction/bestiary.lean, Difficulty: inf)
    - dergree_two_eq_sqr (File: Construction/Chapter2/joshua.lean, Difficulty: inf)

URL: https://github.com/fpvandoorn/carleson
  Easy: 26866 theorems
    - ConjClasses.mem_noncenter (File: .lake/packages/mathlib/Mathlib/Algebra/Group/Subgroup/Basic.lean, Difficulty: N/A)
    - Subgroup.disjoint_iff_mul_eq_one (File: .lake/packages/mathlib/Mathlib/Algebra/Group/Subgroup/Basic.lean, Difficulty: 2.72)
    - Subgroup.disjoint_def' (File: .lake/packages/mathlib/Mathlib/Algebra/Group/Subgroup/Basic.lean, Difficulty: N/A)
  Medium: 24360 theorems
    - List.disjoint_map (File: .lake/packages/mathlib/Mathlib/Data/List/Basic.lean, Difficulty: 7.39)
    - List.dropSlice_eq (File: .lake/packages/mathlib/Mathlib/Data/List/Basic.lean, Difficulty: 20.09)
    - Subgroup.SubgroupNormal.mem_comm (File: .lake/packages/mathlib/Mathlib/Algebra/Group/Subgroup/Basic.lean, Difficulty: 7.39)
  Hard: 22601 theorems
    - IsConj.normalClosure_eq_top_of (File: .lake/packages/mathlib/Mathlib/Algebra/Group/Subgroup/Basic.lean, Difficulty: 3269017.37)
    - Subgroup.mul_injective_of_disjoint (File: .lake/packages/mathlib/Mathlib/Algebra/Group/Subgroup/Basic.lean, Difficulty: 54.60)
    - List.disjoint_pmap (File: .lake/packages/mathlib/Mathlib/Data/List/Basic.lean, Difficulty: 54.60)
  Hard (No proof): 24 theorems
    - rcarleson' (File: Carleson/Theorem1_1/Carleson_on_the_real_line.lean, Difficulty: inf)
    - Hilbert_kernel_regularity (File: Carleson/Theorem1_1/Hilbert_kernel.lean, Difficulty: inf)
    - Mem_p_T (File: Carleson/Defs.lean, Difficulty: inf)

URL: https://github.com/YaelDillies/LeanAPAP
  Easy: 26539 theorems
    - Subgroup.disjoint_iff_mul_eq_one (File: .lake/packages/mathlib/Mathlib/Algebra/Group/Subgroup/Basic.lean, Difficulty: 2.72)
    - Subgroup.disjoint_def' (File: .lake/packages/mathlib/Mathlib/Algebra/Group/Subgroup/Basic.lean, Difficulty: N/A)
    - Subgroup.disjoint_def (File: .lake/packages/mathlib/Mathlib/Algebra/Group/Subgroup/Basic.lean, Difficulty: 2.72)
  Medium: 23565 theorems
    - ConjClasses.mem_noncenter (File: .lake/packages/mathlib/Mathlib/Algebra/Group/Subgroup/Basic.lean, Difficulty: N/A)
    - List.disjoint_map (File: .lake/packages/mathlib/Mathlib/Data/List/Basic.lean, Difficulty: 7.39)
    - List.dropSlice_eq (File: .lake/packages/mathlib/Mathlib/Data/List/Basic.lean, Difficulty: 20.09)
  Hard: 20980 theorems
    - IsConj.normalClosure_eq_top_of (File: .lake/packages/mathlib/Mathlib/Algebra/Group/Subgroup/Basic.lean, Difficulty: 3269017.37)
    - Subgroup.mul_injective_of_disjoint (File: .lake/packages/mathlib/Mathlib/Algebra/Group/Subgroup/Basic.lean, Difficulty: 54.60)
    - List.disjoint_pmap (File: .lake/packages/mathlib/Mathlib/Data/List/Basic.lean, Difficulty: 54.60)
  Hard (No proof): 6 theorems
    - nlpNorm_nconv_le_nlpNorm_ndconv (File: LeanAPAP/Prereqs/Discrete/DFT/Compact.lean, Difficulty: inf)
    - lpNorm_conv_le_lpNorm_dconv (File: LeanAPAP/Prereqs/Discrete/DFT/Basic.lean, Difficulty: inf)
    - BohrSet.le_card_smul (File: LeanAPAP/Prereqs/Bohr/Basic.lean, Difficulty: inf)

URL: https://github.com/corent1234/hairy-ball-theorem-lean
  Easy: 26326 theorems
    - List.nthLe_attach (File: .lake/packages/mathlib/Mathlib/Data/List/Basic.lean, Difficulty: N/A)
    - ConjClasses.mem_noncenter (File: .lake/packages/mathlib/Mathlib/GroupTheory/Subgroup/Basic.lean, Difficulty: N/A)
    - IsConj.eq_of_right_mem_center (File: .lake/packages/mathlib/Mathlib/GroupTheory/Subgroup/Basic.lean, Difficulty: N/A)
  Medium: 23808 theorems
    - List.disjoint_map (File: .lake/packages/mathlib/Mathlib/Data/List/Basic.lean, Difficulty: 7.39)
    - List.dropSlice_eq (File: .lake/packages/mathlib/Mathlib/Data/List/Basic.lean, Difficulty: 20.09)
    - List.get_attach (File: .lake/packages/mathlib/Mathlib/Data/List/Basic.lean, Difficulty: 20.09)
  Hard: 21723 theorems
    - List.disjoint_pmap (File: .lake/packages/mathlib/Mathlib/Data/List/Basic.lean, Difficulty: 54.60)
    - List.sizeOf_dropSlice_lt (File: .lake/packages/mathlib/Mathlib/Data/List/Basic.lean, Difficulty: 8886110.52)
    - List.mem_map_swap (File: .lake/packages/mathlib/Mathlib/Data/List/Basic.lean, Difficulty: 54.60)
  Hard (No proof): 14 theorems
    - HairyBallTheorem (File: HairyBallTheoremLean.lean, Difficulty: inf)
    - HairyBallDiff (File: HairyBallTheoremLean.lean, Difficulty: inf)
    - im_ft (File: HairyBallTheoremLean.lean, Difficulty: inf)

URL: https://github.com/NUS-Math-Formalization/coxeter
  Easy: 26219 theorems
    - List.forall_map_iff (File: .lake/packages/mathlib/Mathlib/Data/List/Basic.lean, Difficulty: 2.72)
    - List.forall_iff_forall_mem (File: .lake/packages/mathlib/Mathlib/Data/List/Basic.lean, Difficulty: 2.72)
    - List.zipRight_eq_zipRight' (File: .lake/packages/mathlib/Mathlib/Data/List/Basic.lean, Difficulty: 2.72)
  Medium: 23663 theorems
    - List.disjoint_map (File: .lake/packages/mathlib/Mathlib/Data/List/Basic.lean, Difficulty: 7.39)
    - List.dropSlice_eq (File: .lake/packages/mathlib/Mathlib/Data/List/Basic.lean, Difficulty: 20.09)
    - List.get_attach (File: .lake/packages/mathlib/Mathlib/Data/List/Basic.lean, Difficulty: 20.09)
  Hard: 21376 theorems
    - List.disjoint_pmap (File: .lake/packages/mathlib/Mathlib/Data/List/Basic.lean, Difficulty: 54.60)
    - List.sizeOf_dropSlice_lt (File: .lake/packages/mathlib/Mathlib/Data/List/Basic.lean, Difficulty: 8886110.52)
    - List.mem_map_swap (File: .lake/packages/mathlib/Mathlib/Data/List/Basic.lean, Difficulty: 54.60)
  Hard (No proof): 15 theorems
    - CoxeterGroup.Bruhat.le_iff_exists_reduced_subword (File: Coxeter/BruhatOrder.lean, Difficulty: inf)
    - CoxeterGroup.Bruhat.le_aux (File: Coxeter/BruhatOrder.lean, Difficulty: inf)
    - CoxeterGroup.Bruhat.exists_intermediate_reduced_subword (File: Coxeter/BruhatOrder.lean, Difficulty: inf)

URL: https://github.com/yangky11/miniF2F-lean4
  Easy: 26120 theorems
    - List.forall_map_iff (File: .lake/packages/mathlib/Mathlib/Data/List/Basic.lean, Difficulty: 2.72)
    - List.forall_iff_forall_mem (File: .lake/packages/mathlib/Mathlib/Data/List/Basic.lean, Difficulty: 2.72)
    - List.zipRight_eq_zipRight' (File: .lake/packages/mathlib/Mathlib/Data/List/Basic.lean, Difficulty: 2.72)
  Medium: 23603 theorems
    - List.dropSlice_eq (File: .lake/packages/mathlib/Mathlib/Data/List/Basic.lean, Difficulty: 20.09)
    - List.get_attach (File: .lake/packages/mathlib/Mathlib/Data/List/Basic.lean, Difficulty: 20.09)
    - List.ilast'_mem (File: .lake/packages/mathlib/Mathlib/Data/List/Basic.lean, Difficulty: 20.09)
  Hard: 21184 theorems
    - List.disjoint_pmap (File: .lake/packages/mathlib/Mathlib/Data/List/Basic.lean, Difficulty: 2980.96)
    - List.disjoint_map (File: .lake/packages/mathlib/Mathlib/Data/List/Basic.lean, Difficulty: 2980.96)
    - List.sizeOf_dropSlice_lt (File: .lake/packages/mathlib/Mathlib/Data/List/Basic.lean, Difficulty: 8886110.52)
  Hard (No proof): 406 theorems
    - mathd_algebra_338 (File: MiniF2F/Test.lean, Difficulty: inf)
    - mathd_numbertheory_582 (File: MiniF2F/Test.lean, Difficulty: inf)
    - mathd_algebra_441 (File: MiniF2F/Test.lean, Difficulty: inf)

URL: https://github.com/m4lvin/lean4-pdl
  Easy: 8141 theorems
    - List.disjoint_toFinset_iff_disjoint (File: .lake/packages/mathlib/Mathlib/Data/Finset/Basic.lean, Difficulty: N/A)
    - List.forall_map_iff (File: .lake/packages/mathlib/Mathlib/Data/List/Basic.lean, Difficulty: 2.72)
    - List.forall_iff_forall_mem (File: .lake/packages/mathlib/Mathlib/Data/List/Basic.lean, Difficulty: 2.72)
  Medium: 6657 theorems
    - List.disjoint_map (File: .lake/packages/mathlib/Mathlib/Data/List/Basic.lean, Difficulty: 7.39)
    - List.dropSlice_eq (File: .lake/packages/mathlib/Mathlib/Data/List/Basic.lean, Difficulty: 20.09)
    - List.get_attach (File: .lake/packages/mathlib/Mathlib/Data/List/Basic.lean, Difficulty: 20.09)
  Hard: 5771 theorems
    - List.lookup_graph (File: .lake/packages/mathlib/Mathlib/Data/List/Basic.lean, Difficulty: 403.43)
    - List.disjoint_pmap (File: .lake/packages/mathlib/Mathlib/Data/List/Basic.lean, Difficulty: 54.60)
    - List.sizeOf_dropSlice_lt (File: .lake/packages/mathlib/Mathlib/Data/List/Basic.lean, Difficulty: 59874.14)
  Hard (No proof): 30 theorems
    - direct_subset_red (File: Pdl/MultisetOrder.lean, Difficulty: inf)
    - localBoxTruth (File: Pdl/Unfold.lean, Difficulty: inf)
    - localBoxTruth' (File: Pdl/Unfold.lean, Difficulty: inf)

Overall Statistics:
Easy: 264321 theorems (36.31%)
Medium: 240725 theorems (33.07%)
Hard: 222278 theorems (30.54%)
Hard (No proof): 544 theorems (0.07%)

Percentile thresholds: Easy <= 2.72, Medium <= 20.09, Hard > 20.09
2024-09-18 07:28:19.489 | INFO     | __main__:main:1750 - Finding compatible repositories...
2024-09-18 07:28:19.840 | INFO     | __main__:get_compatible_commit:691 - Latest commit: 944a770be5e254d484cdba076d0805e6de2b595a
2024-09-18 07:28:19.840 | INFO     | __main__:get_compatible_commit:694 - Creating LeanGitRepo for https://github.com/ahhwuhu/zeta_3_irrational
2024-09-18 07:28:19.840 | INFO     | __main__:get_compatible_commit:696 - Getting config for https://github.com/ahhwuhu/zeta_3_irrational.git
2024-09-18 07:28:19.840 | INFO     | __main__:get_compatible_commit:703 - Searching for compatible commit for https://github.com/ahhwuhu/zeta_3_irrational.git
2024-09-18 07:28:19.857 | INFO     | __main__:get_compatible_commit:709 - Already in a Git repository
2024-09-18 07:28:19.859 | INFO     | __main__:get_compatible_commit:719 - Fetching commits for https://github.com/ahhwuhu/zeta_3_irrational.git
2024-09-18 07:28:21.233 | INFO     | __main__:get_compatible_commit:723 - Fetched commits for https://github.com/ahhwuhu/zeta_3_irrational.git
2024-09-18 07:28:21.235 | INFO     | __main__:get_compatible_commit:729 - Getting list of commits for https://github.com/ahhwuhu/zeta_3_irrational.git
2024-09-18 07:28:21.290 | INFO     | __main__:get_compatible_commit:734 - Found 88 commits for https://github.com/ahhwuhu/zeta_3_irrational.git
2024-09-18 07:28:21.290 | INFO     | __main__:get_compatible_commit:741 - Found compatible commit 914712200e463cfc97fe37e929d518dd58806a38 for https://github.com/ahhwuhu/zeta_3_irrational.git
2024-09-18 07:28:21.581 | INFO     | __main__:get_compatible_commit:691 - Latest commit: dbacd7ebd01588f4470a8204693a3873ed264171
2024-09-18 07:28:21.581 | INFO     | __main__:get_compatible_commit:694 - Creating LeanGitRepo for https://github.com/apnelson1/Matroid
2024-09-18 07:28:21.582 | INFO     | __main__:get_compatible_commit:696 - Getting config for https://github.com/apnelson1/Matroid.git
2024-09-18 07:28:21.582 | INFO     | __main__:get_compatible_commit:703 - Searching for compatible commit for https://github.com/apnelson1/Matroid.git
2024-09-18 07:28:21.596 | INFO     | __main__:get_compatible_commit:709 - Already in a Git repository
2024-09-18 07:28:21.597 | INFO     | __main__:get_compatible_commit:719 - Fetching commits for https://github.com/apnelson1/Matroid.git
2024-09-18 07:28:23.196 | INFO     | __main__:get_compatible_commit:723 - Fetched commits for https://github.com/apnelson1/Matroid.git
2024-09-18 07:28:23.198 | INFO     | __main__:get_compatible_commit:729 - Getting list of commits for https://github.com/apnelson1/Matroid.git
2024-09-18 07:28:23.263 | INFO     | __main__:get_compatible_commit:734 - Found 561 commits for https://github.com/apnelson1/Matroid.git
2024-09-18 07:28:23.266 | INFO     | __main__:get_compatible_commit:741 - Found compatible commit 244315752bb0a771f20b676b946130b664d60712 for https://github.com/apnelson1/Matroid.git
2024-09-18 07:28:23.551 | INFO     | __main__:get_compatible_commit:691 - Latest commit: 6fbe8c2985008c0bfb30050750a71b90388ad3a3
2024-09-18 07:28:23.551 | INFO     | __main__:get_compatible_commit:694 - Creating LeanGitRepo for https://github.com/mo271/formal_book
2024-09-18 07:28:23.551 | INFO     | __main__:get_compatible_commit:696 - Getting config for https://github.com/mo271/formal_book.git
2024-09-18 07:28:23.552 | INFO     | __main__:get_compatible_commit:700 - Latest commit compatible for url https://github.com/mo271/formal_book.git
2024-09-18 07:28:23.855 | INFO     | __main__:get_compatible_commit:691 - Latest commit: 32da8597e08227d68b72faeeda053e44e5b4b04d
2024-09-18 07:28:23.855 | INFO     | __main__:get_compatible_commit:694 - Creating LeanGitRepo for https://github.com/Louis-Le-Grand/Formalisation-of-constructable-numbers
2024-09-18 07:28:23.855 | INFO     | __main__:get_compatible_commit:696 - Getting config for https://github.com/Louis-Le-Grand/Formalisation-of-constructable-numbers.git
2024-09-18 07:28:23.856 | INFO     | __main__:get_compatible_commit:703 - Searching for compatible commit for https://github.com/Louis-Le-Grand/Formalisation-of-constructable-numbers.git
2024-09-18 07:28:23.867 | INFO     | __main__:get_compatible_commit:709 - Already in a Git repository
2024-09-18 07:28:23.869 | INFO     | __main__:get_compatible_commit:719 - Fetching commits for https://github.com/Louis-Le-Grand/Formalisation-of-constructable-numbers.git
2024-09-18 07:28:25.274 | INFO     | __main__:get_compatible_commit:723 - Fetched commits for https://github.com/Louis-Le-Grand/Formalisation-of-constructable-numbers.git
2024-09-18 07:28:25.276 | INFO     | __main__:get_compatible_commit:729 - Getting list of commits for https://github.com/Louis-Le-Grand/Formalisation-of-constructable-numbers.git
2024-09-18 07:28:25.339 | INFO     | __main__:get_compatible_commit:734 - Found 143 commits for https://github.com/Louis-Le-Grand/Formalisation-of-constructable-numbers.git
2024-09-18 07:28:25.340 | INFO     | __main__:get_compatible_commit:741 - Found compatible commit 01ef1f22a04f2ba8081c5fb29413f515a0e52878 for https://github.com/Louis-Le-Grand/Formalisation-of-constructable-numbers.git
2024-09-18 07:28:25.622 | INFO     | __main__:get_compatible_commit:691 - Latest commit: 3e77e05d9c0571d00f4429d6987ba6aa84fcc863
2024-09-18 07:28:25.623 | INFO     | __main__:get_compatible_commit:694 - Creating LeanGitRepo for https://github.com/fpvandoorn/carleson
2024-09-18 07:28:25.623 | INFO     | __main__:get_compatible_commit:696 - Getting config for https://github.com/fpvandoorn/carleson.git
2024-09-18 07:28:25.623 | INFO     | __main__:get_compatible_commit:703 - Searching for compatible commit for https://github.com/fpvandoorn/carleson.git
2024-09-18 07:28:25.640 | INFO     | __main__:get_compatible_commit:709 - Already in a Git repository
2024-09-18 07:28:25.642 | INFO     | __main__:get_compatible_commit:719 - Fetching commits for https://github.com/fpvandoorn/carleson.git
2024-09-18 07:28:27.639 | INFO     | __main__:get_compatible_commit:723 - Fetched commits for https://github.com/fpvandoorn/carleson.git
2024-09-18 07:28:27.642 | INFO     | __main__:get_compatible_commit:729 - Getting list of commits for https://github.com/fpvandoorn/carleson.git
2024-09-18 07:28:27.767 | INFO     | __main__:get_compatible_commit:734 - Found 382 commits for https://github.com/fpvandoorn/carleson.git
2024-09-18 07:28:27.772 | INFO     | __main__:get_compatible_commit:741 - Found compatible commit bec7808b907190882fa1fa54ce749af297c6cf37 for https://github.com/fpvandoorn/carleson.git
2024-09-18 07:28:28.085 | INFO     | __main__:get_compatible_commit:691 - Latest commit: 63833e47079e3135b4e5e29dd3a3b9ea53515d00
2024-09-18 07:28:28.085 | INFO     | __main__:get_compatible_commit:694 - Creating LeanGitRepo for https://github.com/YaelDillies/LeanAPAP
2024-09-18 07:28:28.085 | INFO     | __main__:get_compatible_commit:696 - Getting config for https://github.com/YaelDillies/LeanAPAP.git
2024-09-18 07:28:28.086 | INFO     | __main__:get_compatible_commit:703 - Searching for compatible commit for https://github.com/YaelDillies/LeanAPAP.git
2024-09-18 07:28:28.109 | INFO     | __main__:get_compatible_commit:709 - Already in a Git repository
2024-09-18 07:28:28.111 | INFO     | __main__:get_compatible_commit:719 - Fetching commits for https://github.com/YaelDillies/LeanAPAP.git
2024-09-18 07:28:29.465 | INFO     | __main__:get_compatible_commit:723 - Fetched commits for https://github.com/YaelDillies/LeanAPAP.git
2024-09-18 07:28:29.467 | INFO     | __main__:get_compatible_commit:729 - Getting list of commits for https://github.com/YaelDillies/LeanAPAP.git
2024-09-18 07:28:29.532 | INFO     | __main__:get_compatible_commit:734 - Found 362 commits for https://github.com/YaelDillies/LeanAPAP.git
2024-09-18 07:28:29.534 | INFO     | __main__:get_compatible_commit:741 - Found compatible commit 951c660a8d7ba8e39f906fdf657674a984effa8b for https://github.com/YaelDillies/LeanAPAP.git
2024-09-18 07:28:29.832 | INFO     | __main__:get_compatible_commit:691 - Latest commit: a778826d19c8a7ddf1d26beeea628c45450612e6
2024-09-18 07:28:29.832 | INFO     | __main__:get_compatible_commit:694 - Creating LeanGitRepo for https://github.com/corent1234/hairy-ball-theorem-lean
2024-09-18 07:28:29.832 | INFO     | __main__:get_compatible_commit:696 - Getting config for https://github.com/corent1234/hairy-ball-theorem-lean.git
2024-09-18 07:28:29.832 | INFO     | __main__:get_compatible_commit:700 - Latest commit compatible for url https://github.com/corent1234/hairy-ball-theorem-lean.git
2024-09-18 07:28:30.176 | INFO     | __main__:get_compatible_commit:691 - Latest commit: 96af8aee7943ca8685ed1b00cc83a559ea389a97
2024-09-18 07:28:30.176 | INFO     | __main__:get_compatible_commit:694 - Creating LeanGitRepo for https://github.com/NUS-Math-Formalization/coxeter
2024-09-18 07:28:30.176 | INFO     | __main__:get_compatible_commit:696 - Getting config for https://github.com/NUS-Math-Formalization/coxeter.git
2024-09-18 07:28:30.176 | INFO     | __main__:get_compatible_commit:700 - Latest commit compatible for url https://github.com/NUS-Math-Formalization/coxeter.git
2024-09-18 07:28:30.480 | INFO     | __main__:get_compatible_commit:691 - Latest commit: 6bcf0b4940fbf17a1ba83db4ed639fbcb26b1a27
2024-09-18 07:28:30.480 | INFO     | __main__:get_compatible_commit:694 - Creating LeanGitRepo for https://github.com/yangky11/miniF2F-lean4
2024-09-18 07:28:30.480 | INFO     | __main__:get_compatible_commit:696 - Getting config for https://github.com/yangky11/miniF2F-lean4.git
2024-09-18 07:28:30.480 | INFO     | __main__:get_compatible_commit:703 - Searching for compatible commit for https://github.com/yangky11/miniF2F-lean4.git
2024-09-18 07:28:30.494 | INFO     | __main__:get_compatible_commit:709 - Already in a Git repository
2024-09-18 07:28:30.497 | INFO     | __main__:get_compatible_commit:719 - Fetching commits for https://github.com/yangky11/miniF2F-lean4.git
2024-09-18 07:28:31.594 | INFO     | __main__:get_compatible_commit:723 - Fetched commits for https://github.com/yangky11/miniF2F-lean4.git
2024-09-18 07:28:31.597 | INFO     | __main__:get_compatible_commit:729 - Getting list of commits for https://github.com/yangky11/miniF2F-lean4.git
2024-09-18 07:28:31.673 | INFO     | __main__:get_compatible_commit:734 - Found 53 commits for https://github.com/yangky11/miniF2F-lean4.git
2024-09-18 07:28:31.673 | INFO     | __main__:get_compatible_commit:741 - Found compatible commit 9e445f5435407f014b88b44a98436d50dd7abd00 for https://github.com/yangky11/miniF2F-lean4.git
2024-09-18 07:28:31.989 | INFO     | __main__:get_compatible_commit:691 - Latest commit: 0820eb9fbc18bc8b88d15ac5c6611450264c7127
2024-09-18 07:28:31.990 | INFO     | __main__:get_compatible_commit:694 - Creating LeanGitRepo for https://github.com/m4lvin/lean4-pdl
2024-09-18 07:28:31.990 | INFO     | __main__:get_compatible_commit:696 - Getting config for https://github.com/m4lvin/lean4-pdl.git
2024-09-18 07:28:31.990 | INFO     | __main__:get_compatible_commit:703 - Searching for compatible commit for https://github.com/m4lvin/lean4-pdl.git
2024-09-18 07:28:32.015 | INFO     | __main__:get_compatible_commit:709 - Already in a Git repository
2024-09-18 07:28:32.018 | INFO     | __main__:get_compatible_commit:719 - Fetching commits for https://github.com/m4lvin/lean4-pdl.git
2024-09-18 07:28:33.375 | INFO     | __main__:get_compatible_commit:723 - Fetched commits for https://github.com/m4lvin/lean4-pdl.git
2024-09-18 07:28:33.377 | INFO     | __main__:get_compatible_commit:729 - Getting list of commits for https://github.com/m4lvin/lean4-pdl.git
2024-09-18 07:28:33.467 | INFO     | __main__:get_compatible_commit:734 - Found 548 commits for https://github.com/m4lvin/lean4-pdl.git
2024-09-18 07:28:33.470 | INFO     | __main__:get_compatible_commit:741 - Found compatible commit c7f649fe3c4891cf1a01c120e82ebc5f6199856e for https://github.com/m4lvin/lean4-pdl.git
2024-09-18 07:28:33.477 | INFO     | __main__:main:1753 - Finished finding compatible repositories
2024-09-18 07:28:33.480 | INFO     | __main__:main:1771 - length of lean_git_repos: 10
2024-09-18 07:28:33.480 | INFO     | __main__:main:1772 - i: 0
2024-09-18 07:28:33.481 | INFO     | __main__:main:1778 - Main process
2024-09-18 07:28:33.481 | INFO     | __main__:main:1779 - Using lambda = 0.1
2024-09-18 07:28:33.481 | INFO     | __main__:main:1780 - Processing https://github.com/ahhwuhu/zeta_3_irrational
2024-09-18 07:28:33.481 | INFO     | __main__:main:1787 - Adding repo to repos_for_merged_dataset
2024-09-18 07:28:33.483 | INFO     | dynamic_database:generate_merged_dataset:415 - Merging selected repositories in the database:
2024-09-18 07:28:33.483 | INFO     | dynamic_database:generate_merged_dataset:417 -   - https://github.com/ahhwuhu/zeta_3_irrational (commit: 914712200e463cfc97fe37e929d518dd58806a38)
2024-09-18 07:29:39.779 | WARNING  | dynamic_database:safe_remove_dir_path:377 - /workspace/datasets_PT_single_repo_no_ewc_curriculum_sorries/merged_with_new_zeta_3_irrational_914712200e463cfc97fe37e929d518dd58806a38 already exists. Removing it now.
2024-09-18 07:32:07.669 | INFO     | dynamic_database:generate_merged_dataset:439 - Exported proofs to /workspace/datasets_PT_single_repo_no_ewc_curriculum_sorries/merged_with_new_zeta_3_irrational_914712200e463cfc97fe37e929d518dd58806a38
2024-09-18 07:32:08.543 | INFO     | dynamic_database:generate_merged_dataset:442 - Merged and exported corpus to /workspace/datasets_PT_single_repo_no_ewc_curriculum_sorries/merged_with_new_zeta_3_irrational_914712200e463cfc97fe37e929d518dd58806a38
2024-09-18 07:32:08.575 | INFO     | dynamic_database:generate_merged_dataset:445 - Exported traced files to /workspace/datasets_PT_single_repo_no_ewc_curriculum_sorries/merged_with_new_zeta_3_irrational_914712200e463cfc97fe37e929d518dd58806a38
2024-09-18 07:32:08.582 | INFO     | dynamic_database:generate_merged_dataset:448 - Exported metadata to /workspace/datasets_PT_single_repo_no_ewc_curriculum_sorries/merged_with_new_zeta_3_irrational_914712200e463cfc97fe37e929d518dd58806a38
2024-09-18 07:32:08.604 | INFO     | __main__:main:1799 - All GPUs
2024-09-18 07:32:08.607 | INFO     | __main__:find_latest_checkpoint:910 - Using the latest checkpoint: /workspace/checkpoints_PT_single_repo_no_ewc_curriculum_sorries/mathlib4_29dcec074de168ac2bf835a77ef68bbe069194c5.ckpt
2024-09-18 07:32:08.608 | INFO     | __main__:main:1806 - Found latest checkpoint: /workspace/checkpoints_PT_single_repo_no_ewc_curriculum_sorries/mathlib4_29dcec074de168ac2bf835a77ef68bbe069194c5.ckpt
2024-09-18 07:32:08.608 | INFO     | __main__:main:1812 - Inside train_test_fisher
2024-09-18 07:32:08.608 | INFO     | __main__:main:1813 - Starting training at epoch 0
Seed set to 3407
Lightning automatically upgraded your loaded checkpoint from v0.0.0 to v2.4.0. To apply the upgrade to your files permanently, run `python -m pytorch_lightning.utilities.upgrade_checkpoint ../checkpoints_PT_single_repo_no_ewc_curriculum_sorries/mathlib4_29dcec074de168ac2bf835a77ef68bbe069194c5.ckpt`
tokenizer_config.json: 100%|_______________________________________| 25.6k/25.6k [00:00<00:00, 28.3MB/s]
added_tokens.json: 100%|___________________________________________| 3.02k/3.02k [00:00<00:00, 18.3MB/s]
special_tokens_map.json: 100%|_____________________________________| 3.09k/3.09k [00:00<00:00, 16.0MB/s]
config.json: 100%|_____________________________________________________| 825/825 [00:00<00:00, 5.46MB/s]
model.safetensors: 100%|_____________________________________________| 871M/871M [00:27<00:00, 32.0MB/s]
2024-09-18 07:32:42.223 | INFO     | __main__:main:1837 - Loaded premise retriever at /workspace/checkpoints_PT_single_repo_no_ewc_curriculum_sorries/mathlib4_29dcec074de168ac2bf835a77ef68bbe069194c5.ckpt
Using bfloat16 Automatic Mixed Precision (AMP)
GPU available: True (cuda), used: True
TPU available: False, using: 0 TPU cores
HPU available: False, using: 0 HPUs
2024-09-18 07:32:42.240 | INFO     | __main__:main:1895 - right before barrier for data module
2024-09-18 07:32:42.242 | INFO     | __main__:main:1910 - Data path: /workspace/datasets_PT_single_repo_no_ewc_curriculum_sorries/merged_with_new_zeta_3_irrational_914712200e463cfc97fe37e929d518dd58806a38/random
tokenizer_config.json: 100%|_______________________________________| 2.59k/2.59k [00:00<00:00, 40.3MB/s]
config.json: 100%|_____________________________________________________| 698/698 [00:00<00:00, 12.0MB/s]
special_tokens_map.json: 100%|_____________________________________| 2.50k/2.50k [00:00<00:00, 47.1MB/s]
/root/miniconda3/envs/ReProver/lib/python3.11/site-packages/transformers/tokenization_utils_base.py:1601: FutureWarning: `clean_up_tokenization_spaces` was not set. It will be set to `True` by default. This behavior will be depracted in transformers v4.45, and will be then set to `False` by default. For more details check this issue: https://github.com/huggingface/transformers/issues/31884
  warnings.warn(
2024-09-18 07:32:42.944 | INFO     | common:__init__:212 - Building the corpus from /workspace/datasets_PT_single_repo_no_ewc_curriculum_sorries/merged_with_new_zeta_3_irrational_914712200e463cfc97fe37e929d518dd58806a38/corpus.jsonl
100%|________________________________________________________| 115368/115368 [00:09<00:00, 12587.51it/s]
2024-09-18 07:33:20.095 | INFO     | retrieval.datamodule:load_or_cache_data:65 - Saved loaded data to cache /workspace/datasets_PT_single_repo_no_ewc_curriculum_sorries/merged_with_new_zeta_3_irrational_914712200e463cfc97fe37e929d518dd58806a38/random/cache_train/cached_data.pkl
Training dataset size: 357252
100%|_____________________________________________________________| 2403/2403 [00:00<00:00, 9099.41it/s]
2024-09-18 07:33:20.482 | INFO     | retrieval.datamodule:load_or_cache_data:65 - Saved loaded data to cache /workspace/datasets_PT_single_repo_no_ewc_curriculum_sorries/merged_with_new_zeta_3_irrational_914712200e463cfc97fe37e929d518dd58806a38/random/cache_val/cached_data.pkl
Validation dataset size: 4833
100%|_____________________________________________________________| 2403/2403 [00:00<00:00, 8394.53it/s]
2024-09-18 07:33:20.898 | INFO     | retrieval.datamodule:load_or_cache_data:65 - Saved loaded data to cache /workspace/datasets_PT_single_repo_no_ewc_curriculum_sorries/merged_with_new_zeta_3_irrational_914712200e463cfc97fe37e929d518dd58806a38/random/cache_pred/cached_data.pkl
Testing dataset size: 5139
2024-09-18 07:33:20.898 | INFO     | __main__:main:1924 - Training dataset size after load: 357252
2024-09-18 07:33:20.898 | INFO     | __main__:main:1925 - Validation dataset size after load: 4833
2024-09-18 07:33:20.898 | INFO     | __main__:main:1926 - Testing dataset size after load: 5139
2024-09-18 07:33:20.898 | INFO     | __main__:main:1928 - Starting progressive training from epoch 0 to 1
2024-09-18 07:33:20.898 | INFO     | __main__:main:1931 - hit the barrier before training
Initializing distributed: GLOBAL_RANK: 0, MEMBER: 1/4
2024-09-18 07:33:22.767 | WARNING  | lean_dojo:<module>:33 - Running LeanDojo as the root user may cause unexpected issues. Proceed with caution.
2024-09-18 07:33:22.922 | WARNING  | lean_dojo:<module>:33 - Running LeanDojo as the root user may cause unexpected issues. Proceed with caution.
2024-09-18 07:33:22.975 | WARNING  | lean_dojo:<module>:33 - Running LeanDojo as the root user may cause unexpected issues. Proceed with caution.
[2024-09-18 07:33:25,039] [INFO] [real_accelerator.py:203:get_accelerator] Setting ds_accelerator to cuda (auto detect)
[2024-09-18 07:33:25,607] [INFO] [real_accelerator.py:203:get_accelerator] Setting ds_accelerator to cuda (auto detect)
[2024-09-18 07:33:25,922] [INFO] [real_accelerator.py:203:get_accelerator] Setting ds_accelerator to cuda (auto detect)
2024-09-18 07:33:27.062 | INFO     | __main__:main:1602 - Running progressive training
2024-09-18 07:33:27.062 | INFO     | __main__:main:1608 - Configuring LeanDojo...
2024-09-18 07:33:27.066 | INFO     | generate_benchmark_lean4:configure_leandojo:347 - Current working directory: /workspace/ReProver
2024-09-18 07:33:27.066 | INFO     | __main__:main:1610 - LeanDojo configured
2024-09-18 07:33:27.066 | INFO     | __main__:main:1632 - Found 100 repositories
2024-09-18 07:33:27.066 | INFO     | __main__:main:1635 - Starting curriculum learning
2024-09-18 07:33:27.567 | INFO     | __main__:main:1608 - Configuring LeanDojo...
[2024-09-18 07:33:25,922] [INFO] [real_accelerator.py:203:get_accelerator] Setting ds_accelerator to cuda (auto detect)
2024-09-18 07:33:27.062 | INFO     | __main__:main:1602 - Running progressive training
2024-09-18 07:33:27.062 | INFO     | __main__:main:1608 - Configuring LeanDojo...
2024-09-18 07:33:27.066 | INFO     | generate_benchmark_lean4:configure_leandojo:347 - Current working directory: /workspace/ReProver
2024-09-18 07:33:27.066 | INFO     | __main__:main:1610 - LeanDojo configured
2024-09-18 07:33:27.066 | INFO     | __main__:main:1632 - Found 100 repositories
2024-09-18 07:33:27.066 | INFO     | __main__:main:1635 - Starting curriculum learning
2024-09-18 07:33:27.567 | INFO     | __main__:main:1602 - Running progressive training
2024-09-18 07:33:27.567 | INFO     | __main__:main:1608 - Configuring LeanDojo...
2024-09-18 07:33:27.574 | INFO     | generate_benchmark_lean4:configure_leandojo:347 - Current working directory: /workspace/ReProver
2024-09-18 07:33:27.574 | INFO     | __main__:main:1610 - LeanDojo configured
2024-09-18 07:33:27.574 | INFO     | __main__:main:1632 - Found 100 repositories
2024-09-18 07:33:27.574 | INFO     | __main__:main:1635 - Starting curriculum learning
2024-09-18 07:33:27.747 | INFO     | __main__:main:1602 - Running progressive training
2024-09-18 07:33:27.747 | INFO     | __main__:main:1608 - Configuring LeanDojo...
2024-09-18 07:33:27.751 | INFO     | generate_benchmark_lean4:configure_leandojo:347 - Current working directory: /workspace/ReProver
2024-09-18 07:33:27.751 | INFO     | __main__:main:1610 - LeanDojo configured
2024-09-18 07:33:27.751 | INFO     | __main__:main:1632 - Found 100 repositories
2024-09-18 07:33:27.751 | INFO     | __main__:main:1635 - Starting curriculum learning
2024-09-18 07:33:56.121 | INFO     | __main__:main:2478 - An error occurred: Failed to read repository information after multiple attempts
Traceback (most recent call last):
  File "/workspace/ReProver/main3_more_sorries.py", line 1759, in main
    with open(repo_info_file, 'r') as f:
         ^^^^^^^^^^^^^^^^^^^^^^^^^
FileNotFoundError: [Errno 2] No such file or directory: '/workspace/datasets_PT_single_repo_no_ewc_curriculum_sorries/repo_info_compatible.json'

During handling of the above exception, another exception occurred:

Traceback (most recent call last):
  File "/workspace/ReProver/main3_more_sorries.py", line 1764, in main
    raise Exception("Failed to read repository information after multiple attempts")
Exception: Failed to read repository information after multiple attempts
2024-09-18 07:33:56.634 | INFO     | __main__:main:2478 - An error occurred: Failed to read repository information after multiple attempts
Traceback (most recent call last):
  File "/workspace/ReProver/main3_more_sorries.py", line 1759, in main
    with open(repo_info_file, 'r') as f:
         ^^^^^^^^^^^^^^^^^^^^^^^^^
FileNotFoundError: [Errno 2] No such file or directory: '/workspace/datasets_PT_single_repo_no_ewc_curriculum_sorries/repo_info_compatible.json'

During handling of the above exception, another exception occurred:

Traceback (most recent call last):
  File "/workspace/ReProver/main3_more_sorries.py", line 1764, in main
    raise Exception("Failed to read repository information after multiple attempts")
Exception: Failed to read repository information after multiple attempts
2024-09-18 07:33:56.827 | INFO     | __main__:main:2478 - An error occurred: Failed to read repository information after multiple attempts
Traceback (most recent call last):
  File "/workspace/ReProver/main3_more_sorries.py", line 1759, in main
    with open(repo_info_file, 'r') as f:
         ^^^^^^^^^^^^^^^^^^^^^^^^^
FileNotFoundError: [Errno 2] No such file or directory: '/workspace/datasets_PT_single_repo_no_ewc_curriculum_sorries/repo_info_compatible.json'

During handling of the above exception, another exception occurred:

Traceback (most recent call last):
  File "/workspace/ReProver/main3_more_sorries.py", line 1764, in main
    raise Exception("Failed to read repository information after multiple attempts")
Exception: Failed to read repository information after multiple attempts
^[[B^[[B^[[B^[[B^[[B^[[B^[[B^[[B^[[B^[[B^[[B^[[B^[[B^[[B^[[B^[[B^[[A^[[A^[[A^[[A^[[A^[[A^[[A^[[A^[[A^[[A^[[A^[[A^[[A^[[A^[[A^[[A^[[A^[[A^[[A^[[A^[[A^[[A^[[A^[[A^[[A^[[A^[[A^[[A^[[A^[[A^[[A^[[A^[[B^[[B^[[B^[[B^[[B^[[B^[[B^[[B^[[B^[[B^[[B^[[B^[[B^[[B
[MORE2] 0:bash*                                                                                                                                                                         "d8b30e587ad7" 09:15 18-Sep-24